   Compiling glib-sys v0.18.1
    Checking pin-project-lite v0.2.16
warning: glib-sys@0.18.1: 
error: failed to run custom build command for `glib-sys v0.18.1`

Caused by:
  process didn't exit successfully: `/workspace/imgponic/target/debug/build/glib-sys-53465d8c3377f131/build-script-build` (exit status: 1)
  --- stdout
  cargo:rerun-if-env-changed=GLIB_2.0_NO_PKG_CONFIG
  cargo:rerun-if-env-changed=PKG_CONFIG_x86_64-unknown-linux-gnu
  cargo:rerun-if-env-changed=PKG_CONFIG_x86_64_unknown_linux_gnu
  cargo:rerun-if-env-changed=HOST_PKG_CONFIG
  cargo:rerun-if-env-changed=PKG_CONFIG
  cargo:rerun-if-env-changed=PKG_CONFIG_PATH_x86_64-unknown-linux-gnu
  cargo:rerun-if-env-changed=PKG_CONFIG_PATH_x86_64_unknown_linux_gnu
  cargo:rerun-if-env-changed=HOST_PKG_CONFIG_PATH
  cargo:rerun-if-env-changed=PKG_CONFIG_PATH
  cargo:rerun-if-env-changed=PKG_CONFIG_LIBDIR_x86_64-unknown-linux-gnu
  cargo:rerun-if-env-changed=PKG_CONFIG_LIBDIR_x86_64_unknown_linux_gnu
  cargo:rerun-if-env-changed=HOST_PKG_CONFIG_LIBDIR
  cargo:rerun-if-env-changed=PKG_CONFIG_LIBDIR
  cargo:rerun-if-env-changed=PKG_CONFIG_SYSROOT_DIR_x86_64-unknown-linux-gnu
  cargo:rerun-if-env-changed=PKG_CONFIG_SYSROOT_DIR_x86_64_unknown_linux_gnu
  cargo:rerun-if-env-changed=HOST_PKG_CONFIG_SYSROOT_DIR
  cargo:rerun-if-env-changed=PKG_CONFIG_SYSROOT_DIR
  cargo:warning=
  pkg-config exited with status code 1
  > PKG_CONFIG_ALLOW_SYSTEM_CFLAGS=1 /workspace/imgponic/tools/pkg-config-webkit.sh --libs --cflags glib-2.0 'glib-2.0 >= 2.70'

  The system library `glib-2.0` required by crate `glib-sys` was not found.
  The file `glib-2.0.pc` needs to be installed and the PKG_CONFIG_PATH environment variable must contain its parent directory.
  The PKG_CONFIG_PATH environment variable is not set.

  HINT: if you have installed the library, try setting PKG_CONFIG_PATH to the directory containing `glib-2.0.pc`.

warning: build failed, waiting for other jobs to finish...
